src/app/campaigns/page.tsx(33,22): error TS2304: Cannot find name 'Button'.
src/app/campaigns/page.tsx(36,23): error TS2304: Cannot find name 'Button'.
